Executing `ebreak` instruction...
... caught an exception. Looping forever now.
