This test serves as a regression test.
The regression this tests for is that a lone `format_args!()`
to display a numeric value does in fact cause the value to print.

0
1
2
3
4
5
6
7
8
9
