Hey! 0
Hey! 1
Hey! 2
Hey! 3
Hey! 4
Hey! 5
Hey! 6
Hey! 7
Hey! 8
Hey! 9
Hey! 10
Hey! 11
Hey! 12
Hey! 13
Hey! 14
Hey! 15
Hey! 16
Hey! 17
Hey! 18
Hey! 19
Hey! 20
Hey! 21
Hey! 22
Hey! 23
Hey! 24
